// Jest Snapshot v1, https://goo.gl/fbAQLP

exports[`THelpsModal component Tests Check THelpsModal component 1`] = `
<Modal
  animation={true}
  aria-labelledby="contained-modal-title-sm"
  autoFocus={true}
  backdrop={true}
  bsClass="modal"
  bsSize="lg"
  dialogComponentClass={[Function]}
  enforceFocus={true}
  keyboard={true}
  manager={
    ModalManager {
      "add": [Function],
      "containers": Array [],
      "data": Array [],
      "handleContainerOverflow": true,
      "hideSiblingNodes": true,
      "isTopModal": [Function],
      "modals": Array [],
      "remove": [Function],
    }
  }
  onHide={[Function]}
  renderBackdrop={[Function]}
  restoreFocus={true}
  show={true}
  translate={[Function]}
>
  <ModalHeader
    bsClass="modal-header"
    closeButton={false}
    closeLabel="Close"
    style={
      Object {
        "backgroundColor": "var(--background-color-light)",
        "borderColor": "var(--text-color)",
      }
    }
  >
    <ModalTitle
      bsClass="modal-title"
      componentClass="h4"
      id="contained-modal-title-sm"
      style={
        Object {
          "color": "var(--text-color-dark)",
          "textAlign": "center",
        }
      }
    >
      translationHelps
      <Glyphicon
        bsClass="glyphicon"
        glyph="remove"
        onClick={[Function]}
        style={
          Object {
            "color": "var(--text-color)",
            "cursor": "pointer",
            "float": "right",
            "fontSize": "18px",
          }
        }
      />
    </ModalTitle>
  </ModalHeader>
  <ModalBody
    bsClass="modal-body"
    componentClass="div"
    id="modalbody"
    style={
      Object {
        "backgroundColor": "var(--background-color-light)",
        "color": "var(--text-color-dark)",
        "fontSize": "18px",
        "height": "500px",
        "overflowY": "auto",
        "padding": "45px 80px",
      }
    }
  >
    [children]
  </ModalBody>
  <ModalFooter
    bsClass="modal-footer"
    componentClass="div"
    style={
      Object {
        "backgroundColor": "var(--background-color-light)",
        "borderColor": "var(--text-color)",
        "padding": "0",
      }
    }
  >
    <button
      className="btn-prime"
      onClick={[Function]}
    >
      Close
    </button>
  </ModalFooter>
</Modal>
`;
